// Jest Snapshot v1, https://goo.gl/fbAQLP

exports[`Snapshot renders properly 1`] = `null`;
