// Jest Snapshot v1, https://goo.gl/fbAQLP

exports[`Snapshot renders properly 1`] = `
Array [
  <nav>
    <ul>
      <li>
        <a
          aria-current="page"
          className="link active"
          href="#/"
          onClick={[Function]}
        >
          Home
        </a>
      </li>
      <li>
        <a
          className="link"
          href="#/calculator"
          onClick={[Function]}
        >
          Calculator
        </a>
      </li>
      <li>
        <a
          className="link"
          href="#/quote"
          onClick={[Function]}
        >
          Quote
        </a>
      </li>
    </ul>
  </nav>,
  <div
    id="home"
  >
    <h1>
      Welcome to our page!
    </h1>
    <p>
      Lorem ipsum dolor sit amet consectetur, adipisicing elit. Laudantium asperiores cumque dignissimos esse iste suscipit, non voluptatibus, perferendis repellat dolores numquam quasi. Earum nam velit possimus quisquam accusamus mollitia iure!
    </p>
  </div>,
]
`;
